###############################################################################
#                                                                             #
# IAR ELF Linker V6.60.1.5097/W32 for ARM               13/Oct/2013  02:52:54 #
# Copyright 2007-2013 IAR Systems AB.                                         #
#                                                                             #
#    Output file  =  C:\Documents and Settings\cw\My                          #
#                    Documents\AllForth\AllFig\FISH IAR\IAR                   #
#                    Port\Debug\Exe\FISH_M0.out.tmp                           #
#    Map file     =  C:\Documents and Settings\cw\My                          #
#                    Documents\AllForth\AllFig\FISH IAR\IAR                   #
#                    Port\Debug\List\FISH_M0.map                              #
#    Command line =  "C:\Documents and Settings\cw\My                         #
#                    Documents\AllForth\AllFig\FISH IAR\IAR                   #
#                    Port\Debug\Obj\FISH_IAR.o" "C:\Documents and             #
#                    Settings\cw\My Documents\AllForth\AllFig\FISH IAR\IAR    #
#                    Port\Debug\Obj\main.o" -o "C:\Documents and              #
#                    Settings\cw\My Documents\AllForth\AllFig\FISH IAR\IAR    #
#                    Port\Debug\Exe\FISH_M0.out.tmp" --map "C:\Documents and  #
#                    Settings\cw\My Documents\AllForth\AllFig\FISH IAR\IAR    #
#                    Port\Debug\List\FISH_M0.map" --config "C:\Documents and  #
#                    Settings\cw\My Documents\AllForth\AllFig\FISH IAR\IAR    #
#                    Port\FISH_M0.icf" --entry __iar_program_start --vfe      #
#                                                                             #
#                                                                             #
###############################################################################

*******************************************************************************
*** RUNTIME MODEL ATTRIBUTES
***

CppFlavor       = *
__SystemLibrary = DLib


*******************************************************************************
*** PLACEMENT SUMMARY
***

"A1":  place at 0x00000000 { ro section .intvec };
"P1":  place in [from 0x00000000 to 0x000002fb] |
                [from 0x00000300 to 0x00007fff] { ro };
"P2":  place in [from 0x10000000 to 0x10000fe0] { rw, block CSTACK, block HEAP };

  Section            Kind        Address    Size  Object
  -------            ----        -------    ----  ------
"A1":                                       0x40
  .intvec            ro code  0x00000000    0x40  vector_table_M.o [4]
                            - 0x00000040    0x40

"P1", part 1 of 2:                          0x38
  .rodata            const    0x00000040     0x0  packbits_init.o [4]
  Initializer bytes  ro data  0x00000040    0x36  <for P2 s0>
                            - 0x00000076    0x36

"P1", part 2 of 2:                        0x393c
  .text              ro code  0x00000300  0x36d4  FISH_IAR.o [1]
  .text              ro code  0x000039d4    0x48  main.o [1]
  .text              ro code  0x00003a1c    0xa8  I64DivMod.o [4]
  .text              ro code  0x00003ac4     0x2  I64DivZer.o [4]
  .text              ro code  0x00003ac6    0xda  packbits_init.o [4]
  .text              ro code  0x00003ba0     0xa  abort.o [3]
  .text              ro code  0x00003baa     0x2  vector_table_M.o [4]
  .text              ro code  0x00003bac     0xc  XXexit.o [4]
  .text              ro code  0x00003bb8    0x28  data_init.o [4]
  .iar.init_table    const    0x00003be0    0x1c  - Linker created -
  .text              ro code  0x00003bfc    0x1a  cmain.o [4]
  .text              ro code  0x00003c16     0x4  low_level_init.o [3]
  .text              ro code  0x00003c1a     0x8  exit.o [3]
  .text              ro code  0x00003c24     0xa  cexit.o [4]
  .text              ro code  0x00003c2e     0xc  cstartup_M.o [4]
                            - 0x00003c3a  0x393a

"P2", part 1 of 2:                         0xc38
  P2 s0                       0x10000000   0xc38  <Init block>
    .bss             inited   0x10000000   0xc34  FISH_IAR.o [1]
    .bss             inited   0x10000c34     0x4  main.o [1]
                            - 0x10000c38   0xc38

"P2", part 2 of 2:                          0x40
  CSTACK                      0x10000c38    0x40  <Block>
    CSTACK           uninit   0x10000c38    0x40  <Block tail>
                            - 0x10000c78    0x40


*******************************************************************************
*** INIT TABLE
***

          Address     Size
          -------     ----
Copy/packbits (__iar_packbits_init3)
    1 source range, total size 0x36 (1% of destination):
          0x00000040   0x36
    1 destination range, total size 0xc38:
          0x10000000  0xc38



*******************************************************************************
*** MODULE SUMMARY
***

    Module            ro code  ro data  rw data
    ------            -------  -------  -------
C:\Documents and Settings\cw\My Documents\AllForth\AllFig\FISH IAR\IAR Port\Debug\Obj: [1]
    FISH_IAR.o         14 036       53    3 124
    main.o                 72                 4
    -------------------------------------------
    Total:             14 108       53    3 128

command line: [2]
    -------------------------------------------
    Total:

dl6M_tln.a: [3]
    abort.o                10
    exit.o                  8
    low_level_init.o        4
    -------------------------------------------
    Total:                 22

rt6M_tl.a: [4]
    I64DivMod.o           168
    I64DivZer.o             2
    XXexit.o               12
    cexit.o                10
    cmain.o                26
    cstartup_M.o           12
    data_init.o            40
    packbits_init.o       218
    vector_table_M.o       66
    -------------------------------------------
    Total:                554

    Gaps                    2
    Linker created                  29       64
-----------------------------------------------
    Grand Total:       14 686       82    3 192


*******************************************************************************
*** ENTRY LIST
***

Entry                    Address  Size  Type      Object
-----                    -------  ----  ----      ------
?main                 0x00003bfd        Code  Gb  cmain.o [4]
CSTACK$$Base          0x10000c38         --   Gb  - Linker created -
CSTACK$$Limit         0x10000c78         --   Gb  - Linker created -
FM0_COLD              0x0000059d        Code  Gb  FISH_IAR.o [1]
InStream_Read         0x00003ac7  0x22  Code  Lc  packbits_init.o [4]
Region$$Table$$Base   0x00003be0         --   Gb  - Linker created -
Region$$Table$$Limit  0x00003bfc         --   Gb  - Linker created -
__aeabi_ldiv0         0x00003ac5        Code  Gb  I64DivZer.o [4]
__aeabi_ldivmod       0x00003a1d        Code  Gb  I64DivMod.o [4]
__aeabi_uldivmod      0x00003a5b        Code  Gb  I64DivMod.o [4]
__cmain               0x00003bfd        Code  Gb  cmain.o [4]
__exit                0x00003bad        Code  Gb  XXexit.o [4]
__iar_data_init3      0x00003bb9  0x28  Code  Gb  data_init.o [4]
__iar_packbits_init3  0x00003ae9  0xb8  Code  Gb  packbits_init.o [4]
__iar_program_start   0x00003c2f        Code  Gb  cstartup_M.o [4]
__low_level_init      0x00003c17   0x4  Code  Gb  low_level_init.o [3]
__vector_table        0x00000000        Data  Gb  vector_table_M.o [4]
_call_main            0x00003c09        Code  Gb  cmain.o [4]
_exit                 0x00003c25        Code  Gb  cexit.o [4]
_main                 0x00003c13        Code  Gb  cmain.o [4]
abort                 0x00003ba1   0xa  Code  Gb  abort.o [3]
c_32by32to64mul       0x000039f9   0xc  Code  Gb  main.o [1]
c_64by32div           0x000039d5  0x24  Code  Gb  main.o [1]
exit                  0x00003c1b   0x8  Code  Gb  exit.o [3]
main                  0x00003a05  0x12  Code  Gb  main.o [1]


[1] = C:\Documents and Settings\cw\My Documents\AllForth\AllFig\FISH IAR\IAR Port\Debug\Obj
[2] = command line
[3] = dl6M_tln.a
[4] = rt6M_tl.a

  14 686 bytes of readonly  code memory
      82 bytes of readonly  data memory
   3 192 bytes of readwrite data memory

Errors: none
Warnings: none
